// Jest Snapshot v1, https://goo.gl/fbAQLP

exports[`Should render WeatherApp with weather forecast for next 5 days 1`] = `
<div>
  <h4>
    A forecast for 
  </h4>
  <table>
    <thead>
      <tr>
        <th>
          Date
        </th>
        <th>
          Max Temperature
        </th>
        <th>
          Average Humidity
        </th>
      </tr>
    </thead>
    <tbody>
      <Dailyval
        list={Object {}}
        theList={Array []}
      />
    </tbody>
  </table>
</div>
`;
